Release 14.7 Map P.20131013 (nt64)
Xilinx Mapping Report File for Design 'c432'

Design Information
------------------
Command Line   : map -intstyle ise -p xc7k410t-fbg900-3 -w -logic_opt off -ol
high -t 1 -xt 0 -register_duplication off -r 4 -mt off -ir off -pr off -lc off
-power off -o c432_map.ncd c432.ngd c432.pcf 
Target Device  : xc7k410t
Target Package : fbg900
Target Speed   : -3
Mapper Version : kintex7 -- $Revision: 1.55 $
Mapped Date    : Thu Jul 04 17:56:02 2024

Design Summary
--------------
Number of errors:      0
Number of warnings:   45
Slice Logic Utilization:
  Number of Slice Registers:                     0 out of 508,400    0%
  Number of Slice LUTs:                         58 out of 254,200    1%
    Number used as logic:                       58 out of 254,200    1%
      Number using O6 output only:              53
      Number using O5 output only:               0
      Number using O5 and O6:                    5
      Number used as ROM:                        0
    Number used as Memory:                       0 out of  90,600    0%
    Number used exclusively as route-thrus:      0

Slice Logic Distribution:
  Number of occupied Slices:                    28 out of  63,550    1%
  Number of LUT Flip Flop pairs used:           58
    Number with an unused Flip Flop:            58 out of      58  100%
    Number with an unused LUT:                   0 out of      58    0%
    Number of fully used LUT-FF pairs:           0 out of      58    0%
    Number of slice register sites lost
      to control set restrictions:               0 out of 508,400    0%

  A LUT Flip Flop pair for this architecture represents one LUT paired with
  one Flip Flop within a slice.  A control set is a unique combination of
  clock, reset, set, and enable signals for a registered element.
  The Slice Logic Distribution report is not meaningful if the design is
  over-mapped for a non-slice resource or if Placement fails.
  OVERMAPPING of BRAM resources should be ignored if the design is
  over-mapped for a non-BRAM resource or if placement fails.

IO Utilization:
  Number of bonded IOBs:                        43 out of     500    8%

Specific Feature Utilization:
  Number of RAMB36E1/FIFO36E1s:                  0 out of     795    0%
  Number of RAMB18E1/FIFO18E1s:                  0 out of   1,590    0%
  Number of BUFG/BUFGCTRLs:                      0 out of      32    0%
  Number of IDELAYE2/IDELAYE2_FINEDELAYs:        0 out of     500    0%
  Number of ILOGICE2/ILOGICE3/ISERDESE2s:        0 out of     500    0%
  Number of ODELAYE2/ODELAYE2_FINEDELAYs:        0 out of     150    0%
  Number of OLOGICE2/OLOGICE3/OSERDESE2s:        0 out of     500    0%
  Number of PHASER_IN/PHASER_IN_PHYs:            0 out of      40    0%
  Number of PHASER_OUT/PHASER_OUT_PHYs:          0 out of      40    0%
  Number of BSCANs:                              0 out of       4    0%
  Number of BUFHCEs:                             0 out of     168    0%
  Number of BUFRs:                               0 out of      40    0%
  Number of CAPTUREs:                            0 out of       1    0%
  Number of DNA_PORTs:                           0 out of       1    0%
  Number of DSP48E1s:                            0 out of   1,540    0%
  Number of EFUSE_USRs:                          0 out of       1    0%
  Number of FRAME_ECCs:                          0 out of       1    0%
  Number of GTXE2_CHANNELs:                      0 out of      16    0%
  Number of GTXE2_COMMONs:                       0 out of       4    0%
  Number of IBUFDS_GTE2s:                        0 out of       8    0%
  Number of ICAPs:                               0 out of       2    0%
  Number of IDELAYCTRLs:                         0 out of      10    0%
  Number of IN_FIFOs:                            0 out of      40    0%
  Number of MMCME2_ADVs:                         0 out of      10    0%
  Number of OUT_FIFOs:                           0 out of      40    0%
  Number of PCIE_2_1s:                           0 out of       1    0%
  Number of PHASER_REFs:                         0 out of      10    0%
  Number of PHY_CONTROLs:                        0 out of      10    0%
  Number of PLLE2_ADVs:                          0 out of      10    0%
  Number of STARTUPs:                            0 out of       1    0%
  Number of XADCs:                               0 out of       1    0%

Average Fanout of Non-Clock Nets:                3.40

Peak Memory Usage:  5531 MB
Total REAL time to MAP completion:  57 secs 
Total CPU time to MAP completion:   50 secs 

Table of Contents
-----------------
Section 1 - Errors
Section 2 - Warnings
Section 3 - Informational
Section 4 - Removed Logic Summary
Section 5 - Removed Logic
Section 6 - IOB Properties
Section 7 - RPMs
Section 8 - Guide Report
Section 9 - Area Group and Partition Summary
Section 10 - Timing Report
Section 11 - Configuration String Information
Section 12 - Control Set Information
Section 13 - Utilization by Hierarchy

Section 1 - Errors
------------------

Section 2 - Warnings
--------------------
WARNING:LIT:701 - PAD symbol "N1" has an undefined IOSTANDARD.
WARNING:LIT:702 - PAD symbol "N1" is not constrained (LOC) to a specific
   location.
WARNING:PhysDesignRules:2452 - The IOB N1 is either not constrained (LOC) to a
   specific location and/or has an undefined I/O Standard (IOSTANDARD). This
   condition may seriously affect the device and will be an error in bitstream
   creation. It should be corrected by properly specifying the pin location and
   I/O Standard.
WARNING:PhysDesignRules:2452 - The IOB N4 is either not constrained (LOC) to a
   specific location and/or has an undefined I/O Standard (IOSTANDARD). This
   condition may seriously affect the device and will be an error in bitstream
   creation. It should be corrected by properly specifying the pin location and
   I/O Standard.
WARNING:PhysDesignRules:2452 - The IOB N8 is either not constrained (LOC) to a
   specific location and/or has an undefined I/O Standard (IOSTANDARD). This
   condition may seriously affect the device and will be an error in bitstream
   creation. It should be corrected by properly specifying the pin location and
   I/O Standard.
WARNING:PhysDesignRules:2452 - The IOB N11 is either not constrained (LOC) to a
   specific location and/or has an undefined I/O Standard (IOSTANDARD). This
   condition may seriously affect the device and will be an error in bitstream
   creation. It should be corrected by properly specifying the pin location and
   I/O Standard.
WARNING:PhysDesignRules:2452 - The IOB N102 is either not constrained (LOC) to a
   specific location and/or has an undefined I/O Standard (IOSTANDARD). This
   condition may seriously affect the device and will be an error in bitstream
   creation. It should be corrected by properly specifying the pin location and
   I/O Standard.
WARNING:PhysDesignRules:2452 - The IOB N21 is either not constrained (LOC) to a
   specific location and/or has an undefined I/O Standard (IOSTANDARD). This
   condition may seriously affect the device and will be an error in bitstream
   creation. It should be corrected by properly specifying the pin location and
   I/O Standard.
WARNING:PhysDesignRules:2452 - The IOB N30 is either not constrained (LOC) to a
   specific location and/or has an undefined I/O Standard (IOSTANDARD). This
   condition may seriously affect the device and will be an error in bitstream
   creation. It should be corrected by properly specifying the pin location and
   I/O Standard.
WARNING:PhysDesignRules:2452 - The IOB N14 is either not constrained (LOC) to a
   specific location and/or has an undefined I/O Standard (IOSTANDARD). This
   condition may seriously affect the device and will be an error in bitstream
   creation. It should be corrected by properly specifying the pin location and
   I/O Standard.
WARNING:PhysDesignRules:2452 - The IOB N112 is either not constrained (LOC) to a
   specific location and/or has an undefined I/O Standard (IOSTANDARD). This
   condition may seriously affect the device and will be an error in bitstream
   creation. It should be corrected by properly specifying the pin location and
   I/O Standard.
WARNING:PhysDesignRules:2452 - The IOB N105 is either not constrained (LOC) to a
   specific location and/or has an undefined I/O Standard (IOSTANDARD). This
   condition may seriously affect the device and will be an error in bitstream
   creation. It should be corrected by properly specifying the pin location and
   I/O Standard.
WARNING:PhysDesignRules:2452 - The IOB N40 is either not constrained (LOC) to a
   specific location and/or has an undefined I/O Standard (IOSTANDARD). This
   condition may seriously affect the device and will be an error in bitstream
   creation. It should be corrected by properly specifying the pin location and
   I/O Standard.
WARNING:PhysDesignRules:2452 - The IOB N24 is either not constrained (LOC) to a
   specific location and/or has an undefined I/O Standard (IOSTANDARD). This
   condition may seriously affect the device and will be an error in bitstream
   creation. It should be corrected by properly specifying the pin location and
   I/O Standard.
WARNING:PhysDesignRules:2452 - The IOB N17 is either not constrained (LOC) to a
   specific location and/or has an undefined I/O Standard (IOSTANDARD). This
   condition may seriously affect the device and will be an error in bitstream
   creation. It should be corrected by properly specifying the pin location and
   I/O Standard.
WARNING:PhysDesignRules:2452 - The IOB N115 is either not constrained (LOC) to a
   specific location and/or has an undefined I/O Standard (IOSTANDARD). This
   condition may seriously affect the device and will be an error in bitstream
   creation. It should be corrected by properly specifying the pin location and
   I/O Standard.
WARNING:PhysDesignRules:2452 - The IOB N50 is either not constrained (LOC) to a
   specific location and/or has an undefined I/O Standard (IOSTANDARD). This
   condition may seriously affect the device and will be an error in bitstream
   creation. It should be corrected by properly specifying the pin location and
   I/O Standard.
WARNING:PhysDesignRules:2452 - The IOB N34 is either not constrained (LOC) to a
   specific location and/or has an undefined I/O Standard (IOSTANDARD). This
   condition may seriously affect the device and will be an error in bitstream
   creation. It should be corrected by properly specifying the pin location and
   I/O Standard.
WARNING:PhysDesignRules:2452 - The IOB N108 is either not constrained (LOC) to a
   specific location and/or has an undefined I/O Standard (IOSTANDARD). This
   condition may seriously affect the device and will be an error in bitstream
   creation. It should be corrected by properly specifying the pin location and
   I/O Standard.
WARNING:PhysDesignRules:2452 - The IOB N43 is either not constrained (LOC) to a
   specific location and/or has an undefined I/O Standard (IOSTANDARD). This
   condition may seriously affect the device and will be an error in bitstream
   creation. It should be corrected by properly specifying the pin location and
   I/O Standard.
WARNING:PhysDesignRules:2452 - The IOB N27 is either not constrained (LOC) to a
   specific location and/or has an undefined I/O Standard (IOSTANDARD). This
   condition may seriously affect the device and will be an error in bitstream
   creation. It should be corrected by properly specifying the pin location and
   I/O Standard.
WARNING:PhysDesignRules:2452 - The IOB N60 is either not constrained (LOC) to a
   specific location and/or has an undefined I/O Standard (IOSTANDARD). This
   condition may seriously affect the device and will be an error in bitstream
   creation. It should be corrected by properly specifying the pin location and
   I/O Standard.
WARNING:PhysDesignRules:2452 - The IOB N53 is either not constrained (LOC) to a
   specific location and/or has an undefined I/O Standard (IOSTANDARD). This
   condition may seriously affect the device and will be an error in bitstream
   creation. It should be corrected by properly specifying the pin location and
   I/O Standard.
WARNING:PhysDesignRules:2452 - The IOB N37 is either not constrained (LOC) to a
   specific location and/or has an undefined I/O Standard (IOSTANDARD). This
   condition may seriously affect the device and will be an error in bitstream
   creation. It should be corrected by properly specifying the pin location and
   I/O Standard.
WARNING:PhysDesignRules:2452 - The IOB N432 is either not constrained (LOC) to a
   specific location and/or has an undefined I/O Standard (IOSTANDARD). This
   condition may seriously affect the device and will be an error in bitstream
   creation. It should be corrected by properly specifying the pin location and
   I/O Standard.
WARNING:PhysDesignRules:2452 - The IOB N223 is either not constrained (LOC) to a
   specific location and/or has an undefined I/O Standard (IOSTANDARD). This
   condition may seriously affect the device and will be an error in bitstream
   creation. It should be corrected by properly specifying the pin location and
   I/O Standard.
WARNING:PhysDesignRules:2452 - The IOB N63 is either not constrained (LOC) to a
   specific location and/or has an undefined I/O Standard (IOSTANDARD). This
   condition may seriously affect the device and will be an error in bitstream
   creation. It should be corrected by properly specifying the pin location and
   I/O Standard.
WARNING:PhysDesignRules:2452 - The IOB N47 is either not constrained (LOC) to a
   specific location and/or has an undefined I/O Standard (IOSTANDARD). This
   condition may seriously affect the device and will be an error in bitstream
   creation. It should be corrected by properly specifying the pin location and
   I/O Standard.
WARNING:PhysDesignRules:2452 - The IOB N56 is either not constrained (LOC) to a
   specific location and/or has an undefined I/O Standard (IOSTANDARD). This
   condition may seriously affect the device and will be an error in bitstream
   creation. It should be corrected by properly specifying the pin location and
   I/O Standard.
WARNING:PhysDesignRules:2452 - The IOB N73 is either not constrained (LOC) to a
   specific location and/or has an undefined I/O Standard (IOSTANDARD). This
   condition may seriously affect the device and will be an error in bitstream
   creation. It should be corrected by properly specifying the pin location and
   I/O Standard.
WARNING:PhysDesignRules:2452 - The IOB N82 is either not constrained (LOC) to a
   specific location and/or has an undefined I/O Standard (IOSTANDARD). This
   condition may seriously affect the device and will be an error in bitstream
   creation. It should be corrected by properly specifying the pin location and
   I/O Standard.
WARNING:PhysDesignRules:2452 - The IOB N66 is either not constrained (LOC) to a
   specific location and/or has an undefined I/O Standard (IOSTANDARD). This
   condition may seriously affect the device and will be an error in bitstream
   creation. It should be corrected by properly specifying the pin location and
   I/O Standard.
WARNING:PhysDesignRules:2452 - The IOB N421 is either not constrained (LOC) to a
   specific location and/or has an undefined I/O Standard (IOSTANDARD). This
   condition may seriously affect the device and will be an error in bitstream
   creation. It should be corrected by properly specifying the pin location and
   I/O Standard.
WARNING:PhysDesignRules:2452 - The IOB N92 is either not constrained (LOC) to a
   specific location and/or has an undefined I/O Standard (IOSTANDARD). This
   condition may seriously affect the device and will be an error in bitstream
   creation. It should be corrected by properly specifying the pin location and
   I/O Standard.
WARNING:PhysDesignRules:2452 - The IOB N76 is either not constrained (LOC) to a
   specific location and/or has an undefined I/O Standard (IOSTANDARD). This
   condition may seriously affect the device and will be an error in bitstream
   creation. It should be corrected by properly specifying the pin location and
   I/O Standard.
WARNING:PhysDesignRules:2452 - The IOB N430 is either not constrained (LOC) to a
   specific location and/or has an undefined I/O Standard (IOSTANDARD). This
   condition may seriously affect the device and will be an error in bitstream
   creation. It should be corrected by properly specifying the pin location and
   I/O Standard.
WARNING:PhysDesignRules:2452 - The IOB N69 is either not constrained (LOC) to a
   specific location and/or has an undefined I/O Standard (IOSTANDARD). This
   condition may seriously affect the device and will be an error in bitstream
   creation. It should be corrected by properly specifying the pin location and
   I/O Standard.
WARNING:PhysDesignRules:2452 - The IOB N431 is either not constrained (LOC) to a
   specific location and/or has an undefined I/O Standard (IOSTANDARD). This
   condition may seriously affect the device and will be an error in bitstream
   creation. It should be corrected by properly specifying the pin location and
   I/O Standard.
WARNING:PhysDesignRules:2452 - The IOB N86 is either not constrained (LOC) to a
   specific location and/or has an undefined I/O Standard (IOSTANDARD). This
   condition may seriously affect the device and will be an error in bitstream
   creation. It should be corrected by properly specifying the pin location and
   I/O Standard.
WARNING:PhysDesignRules:2452 - The IOB N95 is either not constrained (LOC) to a
   specific location and/or has an undefined I/O Standard (IOSTANDARD). This
   condition may seriously affect the device and will be an error in bitstream
   creation. It should be corrected by properly specifying the pin location and
   I/O Standard.
WARNING:PhysDesignRules:2452 - The IOB N79 is either not constrained (LOC) to a
   specific location and/or has an undefined I/O Standard (IOSTANDARD). This
   condition may seriously affect the device and will be an error in bitstream
   creation. It should be corrected by properly specifying the pin location and
   I/O Standard.
WARNING:PhysDesignRules:2452 - The IOB N329 is either not constrained (LOC) to a
   specific location and/or has an undefined I/O Standard (IOSTANDARD). This
   condition may seriously affect the device and will be an error in bitstream
   creation. It should be corrected by properly specifying the pin location and
   I/O Standard.
WARNING:PhysDesignRules:2452 - The IOB N370 is either not constrained (LOC) to a
   specific location and/or has an undefined I/O Standard (IOSTANDARD). This
   condition may seriously affect the device and will be an error in bitstream
   creation. It should be corrected by properly specifying the pin location and
   I/O Standard.
WARNING:PhysDesignRules:2452 - The IOB N89 is either not constrained (LOC) to a
   specific location and/or has an undefined I/O Standard (IOSTANDARD). This
   condition may seriously affect the device and will be an error in bitstream
   creation. It should be corrected by properly specifying the pin location and
   I/O Standard.
WARNING:PhysDesignRules:2452 - The IOB N99 is either not constrained (LOC) to a
   specific location and/or has an undefined I/O Standard (IOSTANDARD). This
   condition may seriously affect the device and will be an error in bitstream
   creation. It should be corrected by properly specifying the pin location and
   I/O Standard.

Section 3 - Informational
-------------------------
INFO:LIT:244 - All of the single ended outputs in this design are using slew
   rate limited output drivers. The delay on speed critical single ended outputs
   can be dramatically reduced by designating them as fast outputs.
INFO:Pack:1716 - Initializing temperature to 85.000 Celsius. (default - Range:
   0.000 to 85.000 Celsius)
INFO:Pack:1720 - Initializing voltage to 0.970 Volts. (default - Range: 0.970 to
   1.030 Volts)
INFO:Map:215 - The Interim Design Summary has been generated in the MAP Report
   (.mrp).
INFO:Pack:1650 - Map created a placed design.

Section 4 - Removed Logic Summary
---------------------------------

Section 5 - Removed Logic
-------------------------

Section 6 - IOB Properties
--------------------------

+---------------------------------------------------------------------------------------------------------------------------------------------------------+
| IOB Name                           | Type             | Direction | IO Standard          | Diff  | Drive    | Slew | Reg (s)      | Resistor | IOB      |
|                                    |                  |           |                      | Term  | Strength | Rate |              |          | Delay    |
+---------------------------------------------------------------------------------------------------------------------------------------------------------+
| N1                                 | IOB              | INPUT     | LVCMOS18             |       |          |      |              |          |          |
| N4                                 | IOB              | INPUT     | LVCMOS18             |       |          |      |              |          |          |
| N8                                 | IOB              | INPUT     | LVCMOS18             |       |          |      |              |          |          |
| N11                                | IOB              | INPUT     | LVCMOS18             |       |          |      |              |          |          |
| N14                                | IOB              | INPUT     | LVCMOS18             |       |          |      |              |          |          |
| N17                                | IOB              | INPUT     | LVCMOS18             |       |          |      |              |          |          |
| N21                                | IOB              | INPUT     | LVCMOS18             |       |          |      |              |          |          |
| N24                                | IOB              | INPUT     | LVCMOS18             |       |          |      |              |          |          |
| N27                                | IOB              | INPUT     | LVCMOS18             |       |          |      |              |          |          |
| N30                                | IOB              | INPUT     | LVCMOS18             |       |          |      |              |          |          |
| N34                                | IOB              | INPUT     | LVCMOS18             |       |          |      |              |          |          |
| N37                                | IOB              | INPUT     | LVCMOS18             |       |          |      |              |          |          |
| N40                                | IOB              | INPUT     | LVCMOS18             |       |          |      |              |          |          |
| N43                                | IOB              | INPUT     | LVCMOS18             |       |          |      |              |          |          |
| N47                                | IOB              | INPUT     | LVCMOS18             |       |          |      |              |          |          |
| N50                                | IOB              | INPUT     | LVCMOS18             |       |          |      |              |          |          |
| N53                                | IOB              | INPUT     | LVCMOS18             |       |          |      |              |          |          |
| N56                                | IOB              | INPUT     | LVCMOS18             |       |          |      |              |          |          |
| N60                                | IOB              | INPUT     | LVCMOS18             |       |          |      |              |          |          |
| N63                                | IOB              | INPUT     | LVCMOS18             |       |          |      |              |          |          |
| N66                                | IOB              | INPUT     | LVCMOS18             |       |          |      |              |          |          |
| N69                                | IOB              | INPUT     | LVCMOS18             |       |          |      |              |          |          |
| N73                                | IOB              | INPUT     | LVCMOS18             |       |          |      |              |          |          |
| N76                                | IOB              | INPUT     | LVCMOS18             |       |          |      |              |          |          |
| N79                                | IOB              | INPUT     | LVCMOS18             |       |          |      |              |          |          |
| N82                                | IOB              | INPUT     | LVCMOS18             |       |          |      |              |          |          |
| N86                                | IOB              | INPUT     | LVCMOS18             |       |          |      |              |          |          |
| N89                                | IOB              | INPUT     | LVCMOS18             |       |          |      |              |          |          |
| N92                                | IOB              | INPUT     | LVCMOS18             |       |          |      |              |          |          |
| N95                                | IOB              | INPUT     | LVCMOS18             |       |          |      |              |          |          |
| N99                                | IOB              | INPUT     | LVCMOS18             |       |          |      |              |          |          |
| N102                               | IOB              | INPUT     | LVCMOS18             |       |          |      |              |          |          |
| N105                               | IOB              | INPUT     | LVCMOS18             |       |          |      |              |          |          |
| N108                               | IOB              | INPUT     | LVCMOS18             |       |          |      |              |          |          |
| N112                               | IOB              | INPUT     | LVCMOS18             |       |          |      |              |          |          |
| N115                               | IOB              | INPUT     | LVCMOS18             |       |          |      |              |          |          |
| N223                               | IOB              | OUTPUT    | LVCMOS18             |       | 12       | SLOW |              |          |          |
| N329                               | IOB              | OUTPUT    | LVCMOS18             |       | 12       | SLOW |              |          |          |
| N370                               | IOB              | OUTPUT    | LVCMOS18             |       | 12       | SLOW |              |          |          |
| N421                               | IOB              | OUTPUT    | LVCMOS18             |       | 12       | SLOW |              |          |          |
| N430                               | IOB              | OUTPUT    | LVCMOS18             |       | 12       | SLOW |              |          |          |
| N431                               | IOB              | OUTPUT    | LVCMOS18             |       | 12       | SLOW |              |          |          |
| N432                               | IOB              | OUTPUT    | LVCMOS18             |       | 12       | SLOW |              |          |          |
+---------------------------------------------------------------------------------------------------------------------------------------------------------+

Section 7 - RPMs
----------------

Section 8 - Guide Report
------------------------
Guide not run on this design.

Section 9 - Area Group and Partition Summary
--------------------------------------------

Partition Implementation Status
-------------------------------

  No Partitions were found in this design.

-------------------------------

Area Group Information
----------------------

  No area groups were found in this design.

----------------------

Section 10 - Timing Report
--------------------------
A logic-level (pre-route) timing report can be generated by using Xilinx static
timing analysis tools, Timing Analyzer (GUI) or TRCE (command line), with the
mapped NCD and PCF files. Please note that this timing report will be generated
using estimated delay information. For accurate numbers, please generate a
timing report with the post Place and Route NCD file.

For more information about the Timing Analyzer, consult the Xilinx Timing
Analyzer Reference Manual; for more information about TRCE, consult the Xilinx
Command Line Tools User Guide "TRACE" chapter.

Section 11 - Configuration String Details
-----------------------------------------
Use the "-detail" map option to print out Configuration Strings

Section 12 - Control Set Information
------------------------------------
Use the "-detail" map option to print out Control Set Information.

Section 13 - Utilization by Hierarchy
-------------------------------------
Use the "-detail" map option to print out the Utilization by Hierarchy section.
