[INFO] Running Yosys:
yosys -p 
            read_verilog -sv /home/fmohammadzad/CSFP/benchmarks/verilog/c17/c17.v;
            chparam -set hide_name 0 [all_cells];
            read_liberty -lib /home/fmohammadzad/CSFP/benchmarks/yosys/mycells.lib;

            hierarchy -top c17;
            proc;
            opt;
            synth -top c17;

            dfflibmap -liberty /home/fmohammadzad/CSFP/benchmarks/yosys/mycells.lib;
            abc -liberty /home/fmohammadzad/CSFP/benchmarks/yosys/mycells.lib;

            opt_clean;
            stat > /home/fmohammadzad/CSFP/benchmarks/synth/c17/report.txt
            write_verilog -noattr /home/fmohammadzad/CSFP/benchmarks/synth/c17/c17_netlist.v
            write_json /home/fmohammadzad/CSFP/benchmarks/synth/c17/c17.json
        
[OK] Synthesis completed: c17
   dfflibmap -liberty /home/fmohammadzad/CSFP/benchmarks/yosys/mycells.lib;
            abc -liberty /home/fmohammadzad/CSFP/benchmarks/yosys/mycells.lib;

            opt_clean;
            stat > /home/fmohammadzad/CSFP/benchmarks/synth/c17/report.txt
            write_verilog -noattr /home/fmohammadzad/CSFP/benchmarks/synth/c17/c17_netlist.v
            write_json /home/fmohammadzad/CSFP/benchmarks/synth/c17/c17.json
        ' --

1. Executing Verilog-2005 frontend: /home/fmohammadzad/CSFP/benchmarks/verilog/c17/c17.v
Parsing SystemVerilog input from `/home/fmohammadzad/CSFP/benchmarks/verilog/c17/c17.v' to AST representation.
Generating RTLIL representation for module `\c17'.
Successfully finished Verilog frontend.
Warning: Selection "[all_cells]" did not match any module.

2. Executing Liberty frontend: /home/fmohammadzad/CSFP/benchmarks/yosys/mycells.lib
Imported 5 cell types from liberty file.

3. Executing HIERARCHY pass (managing design hierarchy).

3.1. Analyzing design hierarchy..
Top module:  \c17

3.2. Analyzing design hierarchy..
Top module:  \c17
Removed 0 unused modules.

4. Executing PROC pass (convert processes to netlists).

4.1. Executing PROC_CLEAN pass (remove empty switches from decision trees).
Cleaned up 0 empty switches.

4.2. Executing PROC_RMDEAD pass (remove dead branches from decision trees).
Removed a total of 0 dead cases.

4.3. Executing PROC_PRUNE pass (remove redundant assignments in processes).
Removed 0 redundant assignments.
Promoted 0 assignments to connections.

4.4. Executing PROC_INIT pass (extract init attributes).

4.5. Executing PROC_ARST pass (detect async resets in processes).

4.6. Executing PROC_ROM pass (convert switches to ROMs).
Converted 0 switches.

4.7. Executing PROC_MUX pass (convert decision trees to multiplexers).

4.8. Executing PROC_DLATCH pass (convert process syncs to latches).

4.9. Executing PROC_DFF pass (convert process syncs to FFs).

4.10. Executing PROC_MEMWR pass (convert process memory writes to cells).

4.11. Executing PROC_CLEAN pass (remove empty switches from decision trees).
Cleaned up 0 empty switches.

4.12. Executing OPT_EXPR pass (perform const folding).
Optimizing module c17.

5. Executing OPT pass (performing simple optimizations).

5.1. Executing OPT_EXPR pass (perform const folding).
Optimizing module c17.

5.2. Executing OPT_MERGE pass (detect identical cells).
Finding identical cells in module `\c17'.
Computing hashes of 12 cells of `\c17'.
Finding duplicate cells in `\c17'.
Removed a total of 0 cells.

5.3. Executing OPT_MUXTREE pass (detect dead branches in mux trees).
Running muxtree optimizer on module \c17..
  Creating internal representation of mux trees.
  No muxes found in this module.
Removed 0 multiplexer ports.

5.4. Executing OPT_REDUCE pass (consolidate $*mux and $reduce_* inputs).
  Optimizing cells in module \c17.
Performed a total of 0 changes.

5.5. Executing OPT_MERGE pass (detect identical cells).
Finding identical cells in module `\c17'.
Computing hashes of 12 cells of `\c17'.
Finding duplicate cells in `\c17'.
Removed a total of 0 cells.

5.6. Executing OPT_DFF pass (perform DFF optimizations).

5.7. Executing OPT_CLEAN pass (remove unused cells and wires).
Finding unused cells or wires in module \c17..
Removed 0 unused cells and 6 unused wires.
<suppressed ~1 debug messages>

5.8. Executing OPT_EXPR pass (perform const folding).
Optimizing module c17.

5.9. Rerunning OPT passes. (Maybe there is more to do..)

5.10. Executing OPT_MUXTREE pass (detect dead branches in mux trees).
Running muxtree optimizer on module \c17..
  Creating internal representation of mux trees.
  No muxes found in this module.
Removed 0 multiplexer ports.

5.11. Executing OPT_REDUCE pass (consolidate $*mux and $reduce_* inputs).
  Optimizing cells in module \c17.
Performed a total of 0 changes.

5.12. Executing OPT_MERGE pass (detect identical cells).
Finding identical cells in module `\c17'.
Computing hashes of 12 cells of `\c17'.
Finding duplicate cells in `\c17'.
Removed a total of 0 cells.

5.13. Executing OPT_DFF pass (perform DFF optimizations).

5.14. Executing OPT_CLEAN pass (remove unused cells and wires).
Finding unused cells or wires in module \c17..

5.15. Executing OPT_EXPR pass (perform const folding).
Optimizing module c17.

5.16. Finished fast OPT passes. (There is nothing left to do.)

6. Executing SYNTH pass.

6.1. Executing HIERARCHY pass (managing design hierarchy).

6.1.1. Analyzing design hierarchy..
Top module:  \c17

6.1.2. Analyzing design hierarchy..
Top module:  \c17
Removed 0 unused modules.

6.2. Executing PROC pass (convert processes to netlists).

6.2.1. Executing PROC_CLEAN pass (remove empty switches from decision trees).
Cleaned up 0 empty switches.

6.2.2. Executing PROC_RMDEAD pass (remove dead branches from decision trees).
Removed a total of 0 dead cases.

6.2.3. Executing PROC_PRUNE pass (remove redundant assignments in processes).
Removed 0 redundant assignments.
Promoted 0 assignments to connections.

6.2.4. Executing PROC_INIT pass (extract init attributes).

6.2.5. Executing PROC_ARST pass (detect async resets in processes).

6.2.6. Executing PROC_ROM pass (convert switches to ROMs).
Converted 0 switches.

6.2.7. Executing PROC_MUX pass (convert decision trees to multiplexers).

6.2.8. Executing PROC_DLATCH pass (convert process syncs to latches).

6.2.9. Executing PROC_DFF pass (convert process syncs to FFs).

6.2.10. Executing PROC_MEMWR pass (convert process memory writes to cells).

6.2.11. Executing PROC_CLEAN pass (remove empty switches from decision trees).
Cleaned up 0 empty switches.

6.2.12. Executing OPT_EXPR pass (perform const folding).
Optimizing module c17.

6.3. Executing OPT_EXPR pass (perform const folding).
Optimizing module c17.

6.4. Executing OPT_CLEAN pass (remove unused cells and wires).
Finding unused cells or wires in module \c17..

6.5. Executing CHECK pass (checking for obvious problems).
Checking module c17...
Found and reported 0 problems.

6.6. Executing OPT pass (performing simple optimizations).

6.6.1. Executing OPT_EXPR pass (perform const folding).
Optimizing module c17.

6.6.2. Executing OPT_MERGE pass (detect identical cells).
Finding identical cells in module `\c17'.
Computing hashes of 12 cells of `\c17'.
Finding duplicate cells in `\c17'.
Removed a total of 0 cells.

6.6.3. Executing OPT_MUXTREE pass (detect dead branches in mux trees).
Running muxtree optimizer on module \c17..
  Creating internal representation of mux trees.
  No muxes found in this module.
Removed 0 multiplexer ports.

6.6.4. Executing OPT_REDUCE pass (consolidate $*mux and $reduce_* inputs).
  Optimizing cells in module \c17.
Performed a total of 0 changes.

6.6.5. Executing OPT_MERGE pass (detect identical cells).
Finding identical cells in module `\c17'.
Computing hashes of 12 cells of `\c17'.
Finding duplicate cells in `\c17'.
Removed a total of 0 cells.

6.6.6. Executing OPT_DFF pass (perform DFF optimizations).

6.6.7. Executing OPT_CLEAN pass (remove unused cells and wires).
Finding unused cells or wires in module \c17..

6.6.8. Executing OPT_EXPR pass (perform const folding).
Optimizing module c17.

6.6.9. Finished fast OPT passes. (There is nothing left to do.)

6.7. Executing FSM pass (extract and optimize FSM).

6.7.1. Executing FSM_DETECT pass (finding FSMs in design).

6.7.2. Executing FSM_EXTRACT pass (extracting FSM from design).

6.7.3. Executing FSM_OPT pass (simple optimizations of FSMs).

6.7.4. Executing OPT_CLEAN pass (remove unused cells and wires).
Finding unused cells or wires in module \c17..

6.7.5. Executing FSM_OPT pass (simple optimizations of FSMs).

6.7.6. Executing FSM_RECODE pass (re-assigning FSM state encoding).

6.7.7. Executing FSM_INFO pass (dumping all available information on FSM cells).

6.7.8. Executing FSM_MAP pass (mapping FSMs to basic logic).

6.8. Executing OPT pass (performing simple optimizations).

6.8.1. Executing OPT_EXPR pass (perform const folding).
Optimizing module c17.

6.8.2. Executing OPT_MERGE pass (detect identical cells).
Finding identical cells in module `\c17'.
Computing hashes of 12 cells of `\c17'.
Finding duplicate cells in `\c17'.
Removed a total of 0 cells.

6.8.3. Executing OPT_MUXTREE pass (detect dead branches in mux trees).
Running muxtree optimizer on module \c17..
  Creating internal representation of mux trees.
  No muxes found in this module.
Removed 0 multiplexer ports.

6.8.4. Executing OPT_REDUCE pass (consolidate $*mux and $reduce_* inputs).
  Optimizing cells in module \c17.
Performed a total of 0 changes.

6.8.5. Executing OPT_MERGE pass (detect identical cells).
Finding identical cells in module `\c17'.
Computing hashes of 12 cells of `\c17'.
Finding duplicate cells in `\c17'.
Removed a total of 0 cells.

6.8.6. Executing OPT_DFF pass (perform DFF optimizations).

6.8.7. Executing OPT_CLEAN pass (remove unused cells and wires).
Finding unused cells or wires in module \c17..

6.8.8. Executing OPT_EXPR pass (perform const folding).
Optimizing module c17.

6.8.9. Finished fast OPT passes. (There is nothing left to do.)

6.9. Executing WREDUCE pass (reducing word size of cells).

6.10. Executing PEEPOPT pass (run peephole optimizers).

6.11. Executing OPT_CLEAN pass (remove unused cells and wires).
Finding unused cells or wires in module \c17..

6.12. Executing ALUMACC pass (create $alu and $macc cells).
Extracting $alu and $macc cells in module c17:
  created 0 $alu and 0 $macc cells.

6.13. Executing SHARE pass (SAT-based resource sharing).

6.14. Executing OPT pass (performing simple optimizations).

6.14.1. Executing OPT_EXPR pass (perform const folding).
Optimizing module c17.

6.14.2. Executing OPT_MERGE pass (detect identical cells).
Finding identical cells in module `\c17'.
Computing hashes of 12 cells of `\c17'.
Finding duplicate cells in `\c17'.
Removed a total of 0 cells.

6.14.3. Executing OPT_MUXTREE pass (detect dead branches in mux trees).
Running muxtree optimizer on module \c17..
  Creating internal representation of mux trees.
  No muxes found in this module.
Removed 0 multiplexer ports.

6.14.4. Executing OPT_REDUCE pass (consolidate $*mux and $reduce_* inputs).
  Optimizing cells in module \c17.
Performed a total of 0 changes.

6.14.5. Executing OPT_MERGE pass (detect identical cells).
Finding identical cells in module `\c17'.
Computing hashes of 12 cells of `\c17'.
Finding duplicate cells in `\c17'.
Removed a total of 0 cells.

6.14.6. Executing OPT_DFF pass (perform DFF optimizations).

6.14.7. Executing OPT_CLEAN pass (remove unused cells and wires).
Finding unused cells or wires in module \c17..

6.14.8. Executing OPT_EXPR pass (perform const folding).
Optimizing module c17.

6.14.9. Finished fast OPT passes. (There is nothing left to do.)

6.15. Executing MEMORY pass.

6.15.1. Executing OPT_MEM pass (optimize memories).
Performed a total of 0 transformations.

6.15.2. Executing OPT_MEM_PRIORITY pass (removing unnecessary memory write priority relations).
Performed a total of 0 transformations.

6.15.3. Executing OPT_MEM_FEEDBACK pass (finding memory read-to-write feedback paths).

6.15.4. Executing MEMORY_BMUX2ROM pass (converting muxes to ROMs).

6.15.5. Executing MEMORY_DFF pass (merging $dff cells to $memrd).

6.15.6. Executing OPT_CLEAN pass (remove unused cells and wires).
Finding unused cells or wires in module \c17..

6.15.7. Executing MEMORY_SHARE pass (consolidating $memrd/$memwr cells).

6.15.8. Executing OPT_MEM_WIDEN pass (optimize memories where all ports are wide).
Performed a total of 0 transformations.

6.15.9. Executing OPT_CLEAN pass (remove unused cells and wires).
Finding unused cells or wires in module \c17..

6.15.10. Executing MEMORY_COLLECT pass (generating $mem cells).

6.16. Executing OPT_CLEAN pass (remove unused cells and wires).
Finding unused cells or wires in module \c17..

6.17. Executing OPT pass (performing simple optimizations).

6.17.1. Executing OPT_EXPR pass (perform const folding).
Optimizing module c17.

6.17.2. Executing OPT_MERGE pass (detect identical cells).
Finding identical cells in module `\c17'.
Computing hashes of 12 cells of `\c17'.
Finding duplicate cells in `\c17'.
Removed a total of 0 cells.

6.17.3. Executing OPT_DFF pass (perform DFF optimizations).

6.17.4. Executing OPT_CLEAN pass (remove unused cells and wires).
Finding unused cells or wires in module \c17..

6.17.5. Finished fast OPT passes.

6.18. Executing MEMORY_MAP pass (converting memories to logic and flip-flops).

6.19. Executing OPT pass (performing simple optimizations).

6.19.1. Executing OPT_EXPR pass (perform const folding).
Optimizing module c17.

6.19.2. Executing OPT_MERGE pass (detect identical cells).
Finding identical cells in module `\c17'.
Computing hashes of 12 cells of `\c17'.
Finding duplicate cells in `\c17'.
Removed a total of 0 cells.

6.19.3. Executing OPT_MUXTREE pass (detect dead branches in mux trees).
Running muxtree optimizer on module \c17..
  Creating internal representation of mux trees.
  No muxes found in this module.
Removed 0 multiplexer ports.

6.19.4. Executing OPT_REDUCE pass (consolidate $*mux and $reduce_* inputs).
  Optimizing cells in module \c17.
Performed a total of 0 changes.

6.19.5. Executing OPT_MERGE pass (detect identical cells).
Finding identical cells in module `\c17'.
Computing hashes of 12 cells of `\c17'.
Finding duplicate cells in `\c17'.
Removed a total of 0 cells.

6.19.6. Executing OPT_SHARE pass.

6.19.7. Executing OPT_DFF pass (perform DFF optimizations).

6.19.8. Executing OPT_CLEAN pass (remove unused cells and wires).
Finding unused cells or wires in module \c17..

6.19.9. Executing OPT_EXPR pass (perform const folding).
Optimizing module c17.

6.19.10. Finished fast OPT passes. (There is nothing left to do.)

6.20. Executing TECHMAP pass (map to technology primitives).

6.20.1. Executing Verilog-2005 frontend: /usr/local/bin/../share/yosys/techmap.v
Parsing Verilog input from `/usr/local/bin/../share/yosys/techmap.v' to AST representation.
Generating RTLIL representation for module `\_90_simplemap_bool_ops'.
Generating RTLIL representation for module `\_90_simplemap_reduce_ops'.
Generating RTLIL representation for module `\_90_simplemap_logic_ops'.
Generating RTLIL representation for module `\_90_simplemap_compare_ops'.
Generating RTLIL representation for module `\_90_simplemap_various'.
Generating RTLIL representation for module `\_90_simplemap_registers'.
Generating RTLIL representation for module `\_90_shift_ops_shr_shl_sshl_sshr'.
Generating RTLIL representation for module `\_90_shift_shiftx'.
Generating RTLIL representation for module `\_90_fa'.
Generating RTLIL representation for module `\_90_lcu_brent_kung'.
Generating RTLIL representation for module `\_90_alu'.
Generating RTLIL representation for module `\_90_macc'.
Generating RTLIL representation for module `\_90_alumacc'.
Generating RTLIL representation for module `$__div_mod_u'.
Generating RTLIL representation for module `$__div_mod_trunc'.
Generating RTLIL representation for module `\_90_div'.
Generating RTLIL representation for module `\_90_mod'.
Generating RTLIL representation for module `$__div_mod_floor'.
Generating RTLIL representation for module `\_90_divfloor'.
Generating RTLIL representation for module `\_90_modfloor'.
Generating RTLIL representation for module `\_90_pow'.
Generating RTLIL representation for module `\_90_pmux'.
Generating RTLIL representation for module `\_90_demux'.
Generating RTLIL representation for module `\_90_lut'.
Generating RTLIL representation for module `$connect'.
Generating RTLIL representation for module `$input_port'.
Successfully finished Verilog frontend.

6.20.2. Continuing TECHMAP pass.
Using extmapper simplemap for cells of type $and.
Using extmapper simplemap for cells of type $not.
No more expansions possible.
<suppressed ~89 debug messages>

6.21. Executing OPT pass (performing simple optimizations).

6.21.1. Executing OPT_EXPR pass (perform const folding).
Optimizing module c17.

6.21.2. Executing OPT_MERGE pass (detect identical cells).
Finding identical cells in module `\c17'.
Computing hashes of 12 cells of `\c17'.
Finding duplicate cells in `\c17'.
Removed a total of 0 cells.

6.21.3. Executing OPT_DFF pass (perform DFF optimizations).

6.21.4. Executing OPT_CLEAN pass (remove unused cells and wires).
Finding unused cells or wires in module \c17..

6.21.5. Finished fast OPT passes.

6.22. Executing ABC pass (technology mapping using ABC).

6.22.1. Extracting gate netlist of module `\c17' to `<abc-temp-dir>/input.blif'..

6.22.1.1. Executed ABC.
Extracted 12 gates and 17 wires to a netlist network with 5 inputs and 2 outputs.
Running ABC script: <abc-temp-dir>/abc.script
ABC: UC Berkeley, ABC 1.01 (compiled Feb  5 2026 16:47:41)
ABC: abc 01> empty
ABC: abc 01> source <abc-temp-dir>/abc.script
ABC: + read_blif <abc-temp-dir>/input.blif 
ABC: + read_library /tmp/yosys-abc-dpOyb5/stdcells.genlib 
ABC: + strash 
ABC: + dretime 
ABC: + map 
ABC: + write_blif <abc-temp-dir>/output.blif 
ABC: 
ABC: YOSYS_ABC_DONE 

6.22.1.2. Re-integrating ABC results.
ABC RESULTS:               AND cells:        2
ABC RESULTS:            ANDNOT cells:        2
ABC RESULTS:                OR cells:        2
ABC RESULTS:        internal signals:       10
ABC RESULTS:           input signals:        5
ABC RESULTS:          output signals:        2
Removing temp directory.
Removing global temp directory.

6.23. Executing OPT pass (performing simple optimizations).

6.23.1. Executing OPT_EXPR pass (perform const folding).
Optimizing module c17.

6.23.2. Executing OPT_MERGE pass (detect identical cells).
Finding identical cells in module `\c17'.
Computing hashes of 6 cells of `\c17'.
Finding duplicate cells in `\c17'.
Removed a total of 0 cells.

6.23.3. Executing OPT_DFF pass (perform DFF optimizations).

6.23.4. Executing OPT_CLEAN pass (remove unused cells and wires).
Finding unused cells or wires in module \c17..
Removed 0 unused cells and 17 unused wires.
<suppressed ~5 debug messages>

6.23.5. Finished fast OPT passes.

6.24. Executing HIERARCHY pass (managing design hierarchy).
Attribute `top' found on module `c17'. Setting top module to c17.

6.24.1. Analyzing design hierarchy..
Top module:  \c17

6.24.2. Analyzing design hierarchy..
Top module:  \c17
Removed 0 unused modules.

6.25. Printing statistics.

=== c17 ===

        +----------Local Count, excluding submodules.
        | 
       11 wires
       11 wire bits
        7 public wires
        7 public wire bits
        7 ports
        7 port bits
        6 cells
        2   $_ANDNOT_
        2   $_AND_
        2   $_OR_

6.26. Executing CHECK pass (checking for obvious problems).
Checking module c17...
Found and reported 0 problems.

7. Executing DFFLIBMAP pass (mapping DFF cells to sequential cells from liberty file).
  cell DFF (noninv, pins=3, area=18.00) is a direct match for cell type $_DFF_P_.
  final dff cell mappings:
    unmapped dff cell: $_DFF_N_
    \DFF _DFF_P_ (.C( C), .D( D), .Q( Q));
    unmapped dff cell: $_DFF_NN0_
    unmapped dff cell: $_DFF_NN1_
    unmapped dff cell: $_DFF_NP0_
    unmapped dff cell: $_DFF_NP1_
    unmapped dff cell: $_DFF_PN0_
    unmapped dff cell: $_DFF_PN1_
    unmapped dff cell: $_DFF_PP0_
    unmapped dff cell: $_DFF_PP1_
    unmapped dff cell: $_DFFE_NN_
    unmapped dff cell: $_DFFE_NP_
    unmapped dff cell: $_DFFE_PN_
    unmapped dff cell: $_DFFE_PP_
    unmapped dff cell: $_DFFSR_NNN_
    unmapped dff cell: $_DFFSR_NNP_
    unmapped dff cell: $_DFFSR_NPN_
    unmapped dff cell: $_DFFSR_NPP_
    unmapped dff cell: $_DFFSR_PNN_
    unmapped dff cell: $_DFFSR_PNP_
    unmapped dff cell: $_DFFSR_PPN_
    unmapped dff cell: $_DFFSR_PPP_

7.1. Executing DFFLEGALIZE pass (convert FFs to types supported by the target).
Mapping DFF cells in module `\c17':

8. Executing ABC pass (technology mapping using ABC).

8.1. Extracting gate netlist of module `\c17' to `<abc-temp-dir>/input.blif'..

8.1.1. Executed ABC.
Extracted 6 gates and 11 wires to a netlist network with 5 inputs and 2 outputs.
Running ABC script: <abc-temp-dir>/abc.script
ABC: UC Berkeley, ABC 1.01 (compiled Feb  5 2026 16:47:41)
ABC: abc 01> empty
ABC: abc 01> source <abc-temp-dir>/abc.script
ABC: + read_blif <abc-temp-dir>/input.blif 
ABC: + read_lib -w /home/fmohammadzad/CSFP/benchmarks/yosys/mycells.lib 
ABC: Parsing finished successfully.  Parsing time =     0.00 sec
ABC: Warning: Templates are not defined.
ABC: Liberty parser cannot read "time_unit".  Assuming   time_unit : "1ns".
ABC: Liberty parser cannot read "capacitive_load_unit". Assuming   capacitive_load_unit(1, pf).
ABC: Scl_LibertyReadGenlib() skipped sequential cell "DFF".
ABC: Library "demo" from "/home/fmohammadzad/CSFP/benchmarks/yosys/mycells.lib" has 4 cells (1 skipped: 1 seq; 0 tri-state; 0 no func; 0 dont_use; 0 with 2 outputs; 0 with 3+ outputs).  Time =     0.00 sec
ABC: Memory =    0.01 MB. Time =     0.00 sec
ABC: + strash 
ABC: + &get -n 
ABC: + &fraig -x 
ABC: + &put 
ABC: + scorr 
ABC: Warning: The network is combinational (run "fraig" or "fraig_sweep").
ABC: + dc2 
ABC: + dretime 
ABC: + strash 
ABC: + &get -n 
ABC: + &dch -f 
ABC: + &nf 
ABC: + &put 
ABC: + write_blif <abc-temp-dir>/output.blif 
ABC: 
ABC: YOSYS_ABC_DONE 

8.1.2. Re-integrating ABC results.
ABC RESULTS:              NAND cells:        6
ABC RESULTS:        internal signals:        4
ABC RESULTS:           input signals:        5
ABC RESULTS:          output signals:        2
Removing temp directory.
Removing global temp directory.

9. Executing OPT_CLEAN pass (remove unused cells and wires).
Finding unused cells or wires in module \c17..
Removed 0 unused cells and 11 unused wires.
<suppressed ~1 debug messages>
Warning: Selection ">" did not match any module.
Warning: Selection "" did not match any module.
Warning: Selection "home/fmohammadzad/CSFP/benchmarks/synth/c17/report.txt" did not match any object.

10. Printing statistics.

11. Executing Verilog backend.

11.1. Executing BMUXMAP pass.

11.2. Executing DEMUXMAP pass.
Dumping module `\c17'.

12. Executing JSON backend.

Warnings: 4 unique messages, 4 total
End of script. Logfile hash: 6be10f703c, CPU: user 0.03s system 0.00s, MEM: 21.39 MB peak
Yosys 0.62+9 (git sha1 1717fa018, g++ 13.3.0-6ubuntu2~24.04 -fPIC -O3)
Time spent: 61% 2x abc (0 sec), 10% 17x opt_expr (0 sec), ...
