Release 14.7 - xst P.20131013 (nt64)
Copyright (c) 1995-2013 Xilinx, Inc.  All rights reserved.
--> Parameter TMPDIR set to xst/projnav.tmp


Total REAL time to Xst completion: 0.00 secs
Total CPU time to Xst completion: 0.15 secs
 
--> Parameter xsthdpdir set to xst


Total REAL time to Xst completion: 0.00 secs
Total CPU time to Xst completion: 0.15 secs
 
--> Reading design: c432.prj

TABLE OF CONTENTS
  1) Synthesis Options Summary
  2) HDL Parsing
  3) HDL Elaboration
  4) HDL Synthesis
       4.1) HDL Synthesis Report
  5) Advanced HDL Synthesis
       5.1) Advanced HDL Synthesis Report
  6) Low Level Synthesis
  7) Partition Report
  8) Design Summary
       8.1) Primitive and Black Box Usage
       8.2) Device utilization summary
       8.3) Partition Resource Summary
       8.4) Timing Report
            8.4.1) Clock Information
            8.4.2) Asynchronous Control Signals Information
            8.4.3) Timing Summary
            8.4.4) Timing Details
            8.4.5) Cross Clock Domains Report


=========================================================================
*                      Synthesis Options Summary                        *
=========================================================================
---- Source Parameters
Input File Name                    : "c432.prj"
Ignore Synthesis Constraint File   : NO

---- Target Parameters
Output File Name                   : "c432"
Output Format                      : NGC
Target Device                      : xc7k410t-3-fbg900

---- Source Options
Top Module Name                    : c432
Automatic FSM Extraction           : YES
FSM Encoding Algorithm             : Auto
Safe Implementation                : No
FSM Style                          : LUT
RAM Extraction                     : Yes
RAM Style                          : Auto
ROM Extraction                     : Yes
Shift Register Extraction          : YES
ROM Style                          : Auto
Resource Sharing                   : YES
Asynchronous To Synchronous        : NO
Shift Register Minimum Size        : 2
Use DSP Block                      : Auto
Automatic Register Balancing       : No

---- Target Options
LUT Combining                      : Auto
Reduce Control Sets                : Auto
Add IO Buffers                     : YES
Global Maximum Fanout              : 100000
Add Generic Clock Buffer(BUFG)     : 32
Register Duplication               : YES
Optimize Instantiated Primitives   : NO
Use Clock Enable                   : Auto
Use Synchronous Set                : Auto
Use Synchronous Reset              : Auto
Pack IO Registers into IOBs        : Auto
Equivalent register Removal        : YES

---- General Options
Optimization Goal                  : Speed
Optimization Effort                : 1
Power Reduction                    : NO
Keep Hierarchy                     : No
Netlist Hierarchy                  : As_Optimized
RTL Output                         : Yes
Global Optimization                : AllClockNets
Read Cores                         : YES
Write Timing Constraints           : NO
Cross Clock Analysis               : NO
Hierarchy Separator                : /
Bus Delimiter                      : <>
Case Specifier                     : Maintain
Slice Utilization Ratio            : 100
BRAM Utilization Ratio             : 100
DSP48 Utilization Ratio            : 100
Auto BRAM Packing                  : NO
Slice Utilization Ratio Delta      : 5

=========================================================================


=========================================================================
*                          HDL Parsing                                  *
=========================================================================
Analyzing Verilog file "C:\Users\apple\Documents\UT\Master Thesis\c432\c432.v" into library work
Parsing module <c432>.

=========================================================================
*                            HDL Elaboration                            *
=========================================================================

Elaborating module <c432>.

=========================================================================
*                           HDL Synthesis                               *
=========================================================================

Synthesizing Unit <c432>.
    Related source file is "C:\Users\apple\Documents\UT\Master Thesis\c432\c432.v".
    Summary:
Unit <c432> synthesized.

=========================================================================
HDL Synthesis Report

Macro Statistics
# Xors                                                 : 18
 1-bit xor2                                            : 18

=========================================================================

=========================================================================
*                       Advanced HDL Synthesis                          *
=========================================================================


=========================================================================
Advanced HDL Synthesis Report

Macro Statistics
# Xors                                                 : 18
 1-bit xor2                                            : 18

=========================================================================

=========================================================================
*                         Low Level Synthesis                           *
=========================================================================

Optimizing unit <c432> ...

Mapping all equations...
Building and optimizing final netlist ...
Found area constraint ratio of 100 (+ 5) on block c432, actual ratio is 0.

Final Macro Processing ...

=========================================================================
Final Register Report

Found no macro
=========================================================================

=========================================================================
*                           Partition Report                            *
=========================================================================

Partition Implementation Status
-------------------------------

  No Partitions were found in this design.

-------------------------------

=========================================================================
*                            Design Summary                             *
=========================================================================

Top Level Output File Name         : c432.ngc

Primitive and Black Box Usage:
------------------------------
# BELS                             : 63
#      LUT2                        : 2
#      LUT3                        : 2
#      LUT4                        : 3
#      LUT5                        : 12
#      LUT6                        : 44
# IO Buffers                       : 43
#      IBUF                        : 36
#      OBUF                        : 7

Device utilization summary:
---------------------------

Selected Device : 7k410tfbg900-3 


Slice Logic Utilization: 
 Number of Slice LUTs:                   63  out of  254200     0%  
    Number used as Logic:                63  out of  254200     0%  

Slice Logic Distribution: 
 Number of LUT Flip Flop pairs used:     63
   Number with an unused Flip Flop:      63  out of     63   100%  
   Number with an unused LUT:             0  out of     63     0%  
   Number of fully used LUT-FF pairs:     0  out of     63     0%  
   Number of unique control sets:         0

IO Utilization: 
 Number of IOs:                          43
 Number of bonded IOBs:                  43  out of    500     8%  

Specific Feature Utilization:

---------------------------
Partition Resource Summary:
---------------------------

  No Partitions were found in this design.

---------------------------


=========================================================================
Timing Report

NOTE: THESE TIMING NUMBERS ARE ONLY A SYNTHESIS ESTIMATE.
      FOR ACCURATE TIMING INFORMATION PLEASE REFER TO THE TRACE REPORT
      GENERATED AFTER PLACE-and-ROUTE.

Clock Information:
------------------
No clock signals found in this design

Asynchronous Control Signals Information:
----------------------------------------
No asynchronous control signals found in this design

Timing Summary:
---------------
Speed Grade: -3

   Minimum period: No path found
   Minimum input arrival time before clock: No path found
   Maximum output required time after clock: No path found
   Maximum combinational path delay: 5.830ns

Timing Details:
---------------
All values displayed in nanoseconds (ns)

=========================================================================
Timing constraint: Default path analysis
  Total number of paths / destination ports: 66471 / 7
-------------------------------------------------------------------------
Delay:               5.830ns (Levels of Logic = 12)
  Source:            N102 (PAD)
  Destination:       N421 (PAD)

  Data Path: N102 to N421
                                Gate     Net
    Cell:in->out      fanout   Delay   Delay  Logical Name (Net Name)
    ----------------------------------------  ------------
     IBUF:I->O             6   0.000   0.573  N102_IBUF (N102_IBUF)
     LUT6:I0->O           16   0.043   0.497  out92 (out91)
     LUT5:I2->O            1   0.043   0.456  Mxor_N227_xo<0>1 (N227)
     LUT6:I2->O            9   0.043   0.493  out175 (out174)
     LUT5:I1->O           13   0.043   0.606  out176 (N296)
     LUT6:I0->O            1   0.043   0.550  out181 (out18)
     LUT6:I0->O            3   0.043   0.438  out1810 (out189)
     LUT4:I1->O            9   0.043   0.493  out1815 (N357)
     LUT6:I2->O            3   0.043   0.466  out1 (n0215)
     LUT4:I0->O            2   0.043   0.546  N4301 (N430_OBUF)
     LUT6:I1->O            1   0.043   0.279  N4217 (N421_OBUF)
     OBUF:I->O                 0.000          N421_OBUF (N421)
    ----------------------------------------
    Total                      5.830ns (0.430ns logic, 5.400ns route)
                                       (7.4% logic, 92.6% route)

=========================================================================

Cross Clock Domains Report:
--------------------------

=========================================================================


Total REAL time to Xst completion: 12.00 secs
Total CPU time to Xst completion: 12.20 secs
 
--> 

Total memory usage is 4618660 kilobytes

Number of errors   :    0 (   0 filtered)
Number of warnings :    0 (   0 filtered)
Number of infos    :    0 (   0 filtered)

