--------------------------------------------------------------------------------
Release 14.7 Trace  (nt64)
Copyright (c) 1995-2013 Xilinx, Inc.  All rights reserved.

C:\Xilinx\14.7\ISE_DS\ISE\bin\nt64\unwrapped\trce.exe -intstyle ise -v 3 -s 3
-n 3 -fastpaths -xml c432.twx c432.ncd -o c432.twr c432.pcf

Design file:              c432.ncd
Physical constraint file: c432.pcf
Device,package,speed:     xc7k410t,fbg900,C,-3 (PRODUCTION 1.10 2013-10-13)
Report level:             verbose report

Environment Variable      Effect 
--------------------      ------ 
NONE                      No environment variables were set
--------------------------------------------------------------------------------

INFO:Timing:2698 - No timing constraints found, doing default enumeration.
INFO:Timing:3412 - To improve timing, see the Timing Closure User Guide (UG612).
INFO:Timing:2752 - To get complete path coverage, use the unconstrained paths 
   option. All paths that are not constrained will be reported in the 
   unconstrained paths section(s) of the report.
INFO:Timing:3339 - The clock-to-out numbers in this timing report are based on 
   a 50 Ohm transmission line loading model.  For the details of this model, 
   and for more information on accounting for different loading conditions, 
   please see the device datasheet.



Data Sheet report:
-----------------
All values displayed in nanoseconds (ns)

Pad to Pad
---------------+---------------+---------+
Source Pad     |Destination Pad|  Delay  |
---------------+---------------+---------+
N1             |N223           |    6.223|
N1             |N329           |    7.955|
N1             |N370           |    9.369|
N1             |N421           |   10.441|
N1             |N430           |   10.206|
N1             |N431           |   10.007|
N1             |N432           |   10.315|
N4             |N223           |    6.550|
N4             |N329           |    8.282|
N4             |N370           |    9.696|
N4             |N421           |   10.768|
N4             |N430           |   10.533|
N4             |N431           |   10.334|
N4             |N432           |   10.642|
N8             |N329           |    7.121|
N8             |N370           |    8.534|
N8             |N421           |    9.606|
N8             |N430           |    9.371|
N8             |N431           |    9.172|
N8             |N432           |    9.480|
N11            |N223           |    6.907|
N11            |N329           |    8.397|
N11            |N370           |    9.811|
N11            |N421           |   10.883|
N11            |N430           |   10.648|
N11            |N431           |   10.449|
N11            |N432           |   10.757|
N14            |N370           |    7.735|
N14            |N421           |    9.137|
N14            |N430           |    8.902|
N14            |N431           |    8.703|
N14            |N432           |    9.011|
N17            |N223           |    6.961|
N17            |N329           |    8.451|
N17            |N370           |    9.865|
N17            |N421           |   10.937|
N17            |N430           |   10.702|
N17            |N431           |   10.503|
N17            |N432           |   10.811|
N21            |N329           |    7.018|
N21            |N370           |    8.432|
N21            |N421           |    9.504|
N21            |N430           |    9.269|
N21            |N431           |    9.070|
N21            |N432           |    9.378|
N24            |N223           |    6.434|
N24            |N329           |    8.166|
N24            |N370           |    9.580|
N24            |N421           |   10.652|
N24            |N430           |   10.417|
N24            |N431           |   10.218|
N24            |N432           |   10.526|
N27            |N370           |    7.733|
N27            |N421           |    8.796|
N27            |N430           |    8.561|
N27            |N431           |    8.362|
N27            |N432           |    8.670|
N30            |N223           |    6.785|
N30            |N329           |    8.517|
N30            |N370           |    9.931|
N30            |N421           |   11.003|
N30            |N430           |   10.768|
N30            |N431           |   10.569|
N30            |N432           |   10.877|
N34            |N329           |    7.320|
N34            |N370           |    8.734|
N34            |N421           |    9.806|
N34            |N430           |    9.571|
N34            |N431           |    9.372|
N34            |N432           |    9.680|
N37            |N223           |    6.572|
N37            |N329           |    8.304|
N37            |N370           |    9.718|
N37            |N421           |   10.790|
N37            |N430           |   10.555|
N37            |N431           |   10.356|
N37            |N432           |   10.664|
N40            |N370           |    7.135|
N40            |N421           |    8.537|
N40            |N430           |    8.302|
N40            |N431           |    8.103|
N40            |N432           |    8.411|
N43            |N223           |    6.846|
N43            |N329           |    8.578|
N43            |N370           |    9.992|
N43            |N421           |   11.064|
N43            |N430           |   10.829|
N43            |N431           |   10.630|
N43            |N432           |   10.938|
N47            |N329           |    7.208|
N47            |N370           |    8.623|
N47            |N421           |    9.695|
N47            |N430           |    9.460|
N47            |N431           |    9.261|
N47            |N432           |    9.569|
N50            |N223           |    7.080|
N50            |N329           |    8.535|
N50            |N370           |    9.949|
N50            |N421           |   11.021|
N50            |N430           |   10.786|
N50            |N431           |   10.587|
N50            |N432           |   10.895|
N53            |N370           |    7.666|
N53            |N421           |    8.729|
N53            |N430           |    8.494|
N53            |N431           |    8.295|
N53            |N432           |    8.603|
N56            |N223           |    7.148|
N56            |N329           |    8.603|
N56            |N370           |   10.017|
N56            |N421           |   11.089|
N56            |N430           |   10.854|
N56            |N431           |   10.655|
N56            |N432           |   10.963|
N60            |N329           |    6.891|
N60            |N370           |    8.306|
N60            |N421           |    9.378|
N60            |N430           |    9.143|
N60            |N431           |    8.944|
N60            |N432           |    9.252|
N63            |N223           |    6.950|
N63            |N329           |    8.405|
N63            |N370           |    9.819|
N63            |N421           |   10.891|
N63            |N430           |   10.656|
N63            |N431           |   10.457|
N63            |N432           |   10.765|
N66            |N370           |    7.901|
N66            |N421           |    8.964|
N66            |N430           |    8.729|
N66            |N431           |    8.530|
N66            |N432           |    8.838|
N69            |N223           |    6.912|
N69            |N329           |    8.367|
N69            |N370           |    9.781|
N69            |N421           |   10.853|
N69            |N430           |   10.618|
N69            |N431           |   10.419|
N69            |N432           |   10.727|
N73            |N329           |    6.890|
N73            |N370           |    8.304|
N73            |N421           |    9.376|
N73            |N430           |    9.141|
N73            |N431           |    8.942|
N73            |N432           |    9.250|
N76            |N223           |    6.528|
N76            |N329           |    8.018|
N76            |N370           |    9.432|
N76            |N421           |   10.504|
N76            |N430           |   10.269|
N76            |N431           |   10.070|
N76            |N432           |   10.378|
N79            |N370           |    7.769|
N79            |N421           |    8.832|
N79            |N430           |    8.597|
N79            |N431           |    8.398|
N79            |N432           |    8.706|
N82            |N223           |    6.815|
N82            |N329           |    8.305|
N82            |N370           |    9.719|
N82            |N421           |   10.791|
N82            |N430           |   10.556|
N82            |N431           |   10.357|
N82            |N432           |   10.665|
N86            |N329           |    7.375|
N86            |N370           |    8.789|
N86            |N421           |    9.861|
N86            |N430           |    9.626|
N86            |N431           |    9.427|
N86            |N432           |    9.735|
N89            |N223           |    7.083|
N89            |N329           |    8.538|
N89            |N370           |    9.952|
N89            |N421           |   11.024|
N89            |N430           |   10.789|
N89            |N431           |   10.590|
N89            |N432           |   10.898|
N92            |N370           |    7.635|
N92            |N421           |    8.698|
N92            |N430           |    8.463|
N92            |N431           |    8.264|
N92            |N432           |    8.572|
N95            |N223           |    6.893|
N95            |N329           |    8.348|
N95            |N370           |    9.762|
N95            |N421           |   10.834|
N95            |N430           |   10.599|
N95            |N431           |   10.400|
N95            |N432           |   10.708|
N99            |N329           |    7.461|
N99            |N370           |    8.874|
N99            |N421           |    9.946|
N99            |N430           |    9.711|
N99            |N431           |    9.512|
N99            |N432           |    9.820|
N102           |N223           |    6.858|
N102           |N329           |    8.348|
N102           |N370           |    9.762|
N102           |N421           |   10.834|
N102           |N430           |   10.599|
N102           |N431           |   10.400|
N102           |N432           |   10.708|
N105           |N370           |    8.248|
N105           |N421           |    9.311|
N105           |N430           |    9.076|
N105           |N431           |    8.877|
N105           |N432           |    9.185|
N108           |N223           |    6.765|
N108           |N329           |    8.255|
N108           |N370           |    9.669|
N108           |N421           |   10.741|
N108           |N430           |   10.506|
N108           |N431           |   10.307|
N108           |N432           |   10.615|
N112           |N329           |    7.316|
N112           |N370           |    8.729|
N112           |N421           |    9.801|
N112           |N430           |    9.566|
N112           |N431           |    9.367|
N112           |N432           |    9.675|
N115           |N370           |    7.086|
N115           |N421           |    8.367|
N115           |N430           |    8.132|
N115           |N431           |    7.933|
N115           |N432           |    8.241|
---------------+---------------+---------+


Analysis completed Thu Jul 04 17:58:20 2024 
--------------------------------------------------------------------------------

Trace Settings:
-------------------------
Trace Settings 

Peak Memory Usage: 5402 MB



